Archive member included to satisfy reference by file (symbol)

/home/erik/Ac6/SystemWorkbench/plugins/fr.ac6.mcu.externaltools.arm-none.linux64_1.17.0.201812190825/tools/compiler/bin/../lib/gcc/arm-none-eabi/7.3.1/../../../../arm-none-eabi/lib/thumb/v7e-m/fpv4-sp/hard/libc.a(lib_a-errno.o)
                              startup/sysmem.o (__errno)
/home/erik/Ac6/SystemWorkbench/plugins/fr.ac6.mcu.externaltools.arm-none.linux64_1.17.0.201812190825/tools/compiler/bin/../lib/gcc/arm-none-eabi/7.3.1/../../../../arm-none-eabi/lib/thumb/v7e-m/fpv4-sp/hard/libc.a(lib_a-exit.o)
                              /home/erik/Ac6/SystemWorkbench/plugins/fr.ac6.mcu.externaltools.arm-none.linux64_1.17.0.201812190825/tools/compiler/bin/../lib/gcc/arm-none-eabi/7.3.1/../../../../arm-none-eabi/lib/thumb/v7e-m/fpv4-sp/hard/crt0.o (exit)
/home/erik/Ac6/SystemWorkbench/plugins/fr.ac6.mcu.externaltools.arm-none.linux64_1.17.0.201812190825/tools/compiler/bin/../lib/gcc/arm-none-eabi/7.3.1/../../../../arm-none-eabi/lib/thumb/v7e-m/fpv4-sp/hard/libc.a(lib_a-impure.o)
                              /home/erik/Ac6/SystemWorkbench/plugins/fr.ac6.mcu.externaltools.arm-none.linux64_1.17.0.201812190825/tools/compiler/bin/../lib/gcc/arm-none-eabi/7.3.1/../../../../arm-none-eabi/lib/thumb/v7e-m/fpv4-sp/hard/libc.a(lib_a-exit.o) (_global_impure_ptr)
/home/erik/Ac6/SystemWorkbench/plugins/fr.ac6.mcu.externaltools.arm-none.linux64_1.17.0.201812190825/tools/compiler/bin/../lib/gcc/arm-none-eabi/7.3.1/../../../../arm-none-eabi/lib/thumb/v7e-m/fpv4-sp/hard/libc.a(lib_a-init.o)
                              /home/erik/Ac6/SystemWorkbench/plugins/fr.ac6.mcu.externaltools.arm-none.linux64_1.17.0.201812190825/tools/compiler/bin/../lib/gcc/arm-none-eabi/7.3.1/../../../../arm-none-eabi/lib/thumb/v7e-m/fpv4-sp/hard/crt0.o (__libc_init_array)
/home/erik/Ac6/SystemWorkbench/plugins/fr.ac6.mcu.externaltools.arm-none.linux64_1.17.0.201812190825/tools/compiler/bin/../lib/gcc/arm-none-eabi/7.3.1/../../../../arm-none-eabi/lib/thumb/v7e-m/fpv4-sp/hard/libc.a(lib_a-memset.o)
                              /home/erik/Ac6/SystemWorkbench/plugins/fr.ac6.mcu.externaltools.arm-none.linux64_1.17.0.201812190825/tools/compiler/bin/../lib/gcc/arm-none-eabi/7.3.1/../../../../arm-none-eabi/lib/thumb/v7e-m/fpv4-sp/hard/crt0.o (memset)
/home/erik/Ac6/SystemWorkbench/plugins/fr.ac6.mcu.externaltools.arm-none.linux64_1.17.0.201812190825/tools/compiler/bin/../lib/gcc/arm-none-eabi/7.3.1/../../../../arm-none-eabi/lib/thumb/v7e-m/fpv4-sp/hard/libc.a(lib_a-__call_atexit.o)
                              /home/erik/Ac6/SystemWorkbench/plugins/fr.ac6.mcu.externaltools.arm-none.linux64_1.17.0.201812190825/tools/compiler/bin/../lib/gcc/arm-none-eabi/7.3.1/../../../../arm-none-eabi/lib/thumb/v7e-m/fpv4-sp/hard/libc.a(lib_a-exit.o) (__call_exitprocs)
/home/erik/Ac6/SystemWorkbench/plugins/fr.ac6.mcu.externaltools.arm-none.linux64_1.17.0.201812190825/tools/compiler/bin/../lib/gcc/arm-none-eabi/7.3.1/../../../../arm-none-eabi/lib/thumb/v7e-m/fpv4-sp/hard/libc.a(lib_a-atexit.o)
                              /home/erik/Ac6/SystemWorkbench/plugins/fr.ac6.mcu.externaltools.arm-none.linux64_1.17.0.201812190825/tools/compiler/bin/../lib/gcc/arm-none-eabi/7.3.1/../../../../arm-none-eabi/lib/thumb/v7e-m/fpv4-sp/hard/libc.a(lib_a-__call_atexit.o) (atexit)
/home/erik/Ac6/SystemWorkbench/plugins/fr.ac6.mcu.externaltools.arm-none.linux64_1.17.0.201812190825/tools/compiler/bin/../lib/gcc/arm-none-eabi/7.3.1/../../../../arm-none-eabi/lib/thumb/v7e-m/fpv4-sp/hard/libc.a(lib_a-fini.o)
                              /home/erik/Ac6/SystemWorkbench/plugins/fr.ac6.mcu.externaltools.arm-none.linux64_1.17.0.201812190825/tools/compiler/bin/../lib/gcc/arm-none-eabi/7.3.1/../../../../arm-none-eabi/lib/thumb/v7e-m/fpv4-sp/hard/libc.a(lib_a-__call_atexit.o) (__libc_fini_array)
/home/erik/Ac6/SystemWorkbench/plugins/fr.ac6.mcu.externaltools.arm-none.linux64_1.17.0.201812190825/tools/compiler/bin/../lib/gcc/arm-none-eabi/7.3.1/../../../../arm-none-eabi/lib/thumb/v7e-m/fpv4-sp/hard/libc.a(lib_a-lock.o)
                              /home/erik/Ac6/SystemWorkbench/plugins/fr.ac6.mcu.externaltools.arm-none.linux64_1.17.0.201812190825/tools/compiler/bin/../lib/gcc/arm-none-eabi/7.3.1/../../../../arm-none-eabi/lib/thumb/v7e-m/fpv4-sp/hard/libc.a(lib_a-__call_atexit.o) (__retarget_lock_acquire_recursive)
/home/erik/Ac6/SystemWorkbench/plugins/fr.ac6.mcu.externaltools.arm-none.linux64_1.17.0.201812190825/tools/compiler/bin/../lib/gcc/arm-none-eabi/7.3.1/../../../../arm-none-eabi/lib/thumb/v7e-m/fpv4-sp/hard/libc.a(lib_a-__atexit.o)
                              /home/erik/Ac6/SystemWorkbench/plugins/fr.ac6.mcu.externaltools.arm-none.linux64_1.17.0.201812190825/tools/compiler/bin/../lib/gcc/arm-none-eabi/7.3.1/../../../../arm-none-eabi/lib/thumb/v7e-m/fpv4-sp/hard/libc.a(lib_a-atexit.o) (__register_exitproc)

Allocating common symbols
Common symbol       size              file

__lock___atexit_recursive_mutex
                    0x1               /home/erik/Ac6/SystemWorkbench/plugins/fr.ac6.mcu.externaltools.arm-none.linux64_1.17.0.201812190825/tools/compiler/bin/../lib/gcc/arm-none-eabi/7.3.1/../../../../arm-none-eabi/lib/thumb/v7e-m/fpv4-sp/hard/libc.a(lib_a-lock.o)
__lock___arc4random_mutex
                    0x1               /home/erik/Ac6/SystemWorkbench/plugins/fr.ac6.mcu.externaltools.arm-none.linux64_1.17.0.201812190825/tools/compiler/bin/../lib/gcc/arm-none-eabi/7.3.1/../../../../arm-none-eabi/lib/thumb/v7e-m/fpv4-sp/hard/libc.a(lib_a-lock.o)
__lock___env_recursive_mutex
                    0x1               /home/erik/Ac6/SystemWorkbench/plugins/fr.ac6.mcu.externaltools.arm-none.linux64_1.17.0.201812190825/tools/compiler/bin/../lib/gcc/arm-none-eabi/7.3.1/../../../../arm-none-eabi/lib/thumb/v7e-m/fpv4-sp/hard/libc.a(lib_a-lock.o)
__lock___sinit_recursive_mutex
                    0x1               /home/erik/Ac6/SystemWorkbench/plugins/fr.ac6.mcu.externaltools.arm-none.linux64_1.17.0.201812190825/tools/compiler/bin/../lib/gcc/arm-none-eabi/7.3.1/../../../../arm-none-eabi/lib/thumb/v7e-m/fpv4-sp/hard/libc.a(lib_a-lock.o)
__lock___malloc_recursive_mutex
                    0x1               /home/erik/Ac6/SystemWorkbench/plugins/fr.ac6.mcu.externaltools.arm-none.linux64_1.17.0.201812190825/tools/compiler/bin/../lib/gcc/arm-none-eabi/7.3.1/../../../../arm-none-eabi/lib/thumb/v7e-m/fpv4-sp/hard/libc.a(lib_a-lock.o)
__lock___at_quick_exit_mutex
                    0x1               /home/erik/Ac6/SystemWorkbench/plugins/fr.ac6.mcu.externaltools.arm-none.linux64_1.17.0.201812190825/tools/compiler/bin/../lib/gcc/arm-none-eabi/7.3.1/../../../../arm-none-eabi/lib/thumb/v7e-m/fpv4-sp/hard/libc.a(lib_a-lock.o)
__lock___dd_hash_mutex
                    0x1               /home/erik/Ac6/SystemWorkbench/plugins/fr.ac6.mcu.externaltools.arm-none.linux64_1.17.0.201812190825/tools/compiler/bin/../lib/gcc/arm-none-eabi/7.3.1/../../../../arm-none-eabi/lib/thumb/v7e-m/fpv4-sp/hard/libc.a(lib_a-lock.o)
__lock___tz_mutex   0x1               /home/erik/Ac6/SystemWorkbench/plugins/fr.ac6.mcu.externaltools.arm-none.linux64_1.17.0.201812190825/tools/compiler/bin/../lib/gcc/arm-none-eabi/7.3.1/../../../../arm-none-eabi/lib/thumb/v7e-m/fpv4-sp/hard/libc.a(lib_a-lock.o)
__lock___sfp_recursive_mutex
                    0x1               /home/erik/Ac6/SystemWorkbench/plugins/fr.ac6.mcu.externaltools.arm-none.linux64_1.17.0.201812190825/tools/compiler/bin/../lib/gcc/arm-none-eabi/7.3.1/../../../../arm-none-eabi/lib/thumb/v7e-m/fpv4-sp/hard/libc.a(lib_a-lock.o)

Discarded input sections

 .text          0x0000000000000000        0x0 /home/erik/Ac6/SystemWorkbench/plugins/fr.ac6.mcu.externaltools.arm-none.linux64_1.17.0.201812190825/tools/compiler/bin/../lib/gcc/arm-none-eabi/7.3.1/thumb/v7e-m/fpv4-sp/hard/crti.o
 .data          0x0000000000000000        0x0 /home/erik/Ac6/SystemWorkbench/plugins/fr.ac6.mcu.externaltools.arm-none.linux64_1.17.0.201812190825/tools/compiler/bin/../lib/gcc/arm-none-eabi/7.3.1/thumb/v7e-m/fpv4-sp/hard/crti.o
 .bss           0x0000000000000000        0x0 /home/erik/Ac6/SystemWorkbench/plugins/fr.ac6.mcu.externaltools.arm-none.linux64_1.17.0.201812190825/tools/compiler/bin/../lib/gcc/arm-none-eabi/7.3.1/thumb/v7e-m/fpv4-sp/hard/crti.o
 .data          0x0000000000000000        0x4 /home/erik/Ac6/SystemWorkbench/plugins/fr.ac6.mcu.externaltools.arm-none.linux64_1.17.0.201812190825/tools/compiler/bin/../lib/gcc/arm-none-eabi/7.3.1/thumb/v7e-m/fpv4-sp/hard/crtbegin.o
 .text          0x0000000000000000       0x74 /home/erik/Ac6/SystemWorkbench/plugins/fr.ac6.mcu.externaltools.arm-none.linux64_1.17.0.201812190825/tools/compiler/bin/../lib/gcc/arm-none-eabi/7.3.1/../../../../arm-none-eabi/lib/thumb/v7e-m/fpv4-sp/hard/crt0.o
 .data          0x0000000000000000        0x0 /home/erik/Ac6/SystemWorkbench/plugins/fr.ac6.mcu.externaltools.arm-none.linux64_1.17.0.201812190825/tools/compiler/bin/../lib/gcc/arm-none-eabi/7.3.1/../../../../arm-none-eabi/lib/thumb/v7e-m/fpv4-sp/hard/crt0.o
 .bss           0x0000000000000000        0x0 /home/erik/Ac6/SystemWorkbench/plugins/fr.ac6.mcu.externaltools.arm-none.linux64_1.17.0.201812190825/tools/compiler/bin/../lib/gcc/arm-none-eabi/7.3.1/../../../../arm-none-eabi/lib/thumb/v7e-m/fpv4-sp/hard/crt0.o
 .ARM.extab     0x0000000000000000        0x0 /home/erik/Ac6/SystemWorkbench/plugins/fr.ac6.mcu.externaltools.arm-none.linux64_1.17.0.201812190825/tools/compiler/bin/../lib/gcc/arm-none-eabi/7.3.1/../../../../arm-none-eabi/lib/thumb/v7e-m/fpv4-sp/hard/crt0.o
 .ARM.exidx     0x0000000000000000        0x8 /home/erik/Ac6/SystemWorkbench/plugins/fr.ac6.mcu.externaltools.arm-none.linux64_1.17.0.201812190825/tools/compiler/bin/../lib/gcc/arm-none-eabi/7.3.1/../../../../arm-none-eabi/lib/thumb/v7e-m/fpv4-sp/hard/crt0.o
 .ARM.attributes
                0x0000000000000000       0x20 /home/erik/Ac6/SystemWorkbench/plugins/fr.ac6.mcu.externaltools.arm-none.linux64_1.17.0.201812190825/tools/compiler/bin/../lib/gcc/arm-none-eabi/7.3.1/../../../../arm-none-eabi/lib/thumb/v7e-m/fpv4-sp/hard/crt0.o
 .group         0x0000000000000000        0xc drivers/src/stm32f407xx_gpio_driver.o
 .group         0x0000000000000000        0xc drivers/src/stm32f407xx_gpio_driver.o
 .group         0x0000000000000000        0xc drivers/src/stm32f407xx_gpio_driver.o
 .group         0x0000000000000000        0xc drivers/src/stm32f407xx_gpio_driver.o
 .group         0x0000000000000000        0xc drivers/src/stm32f407xx_gpio_driver.o
 .group         0x0000000000000000        0xc drivers/src/stm32f407xx_gpio_driver.o
 .group         0x0000000000000000        0xc drivers/src/stm32f407xx_gpio_driver.o
 .group         0x0000000000000000        0xc drivers/src/stm32f407xx_gpio_driver.o
 .group         0x0000000000000000        0xc drivers/src/stm32f407xx_gpio_driver.o
 .text          0x0000000000000000        0x0 drivers/src/stm32f407xx_gpio_driver.o
 .data          0x0000000000000000        0x0 drivers/src/stm32f407xx_gpio_driver.o
 .bss           0x0000000000000000        0x0 drivers/src/stm32f407xx_gpio_driver.o
 .text.GPIO_DeInit
                0x0000000000000000      0x16c drivers/src/stm32f407xx_gpio_driver.o
 .text.GPIO_ReadFromInputPin
                0x0000000000000000       0x2c drivers/src/stm32f407xx_gpio_driver.o
 .text.GPIO_ReadFromInputPort
                0x0000000000000000       0x1c drivers/src/stm32f407xx_gpio_driver.o
 .text.GPIO_WriteToOutputPort
                0x0000000000000000       0x1e drivers/src/stm32f407xx_gpio_driver.o
 .group         0x0000000000000000        0xc src/005button_interrupt.o
 .group         0x0000000000000000        0xc src/005button_interrupt.o
 .group         0x0000000000000000        0xc src/005button_interrupt.o
 .group         0x0000000000000000        0xc src/005button_interrupt.o
 .group         0x0000000000000000        0xc src/005button_interrupt.o
 .group         0x0000000000000000        0xc src/005button_interrupt.o
 .group         0x0000000000000000        0xc src/005button_interrupt.o
 .group         0x0000000000000000        0xc src/005button_interrupt.o
 .group         0x0000000000000000        0xc src/005button_interrupt.o
 .text          0x0000000000000000        0x0 src/005button_interrupt.o
 .data          0x0000000000000000        0x0 src/005button_interrupt.o
 .bss           0x0000000000000000        0x0 src/005button_interrupt.o
 .debug_macro   0x0000000000000000      0xa66 src/005button_interrupt.o
 .debug_macro   0x0000000000000000       0x22 src/005button_interrupt.o
 .debug_macro   0x0000000000000000       0x8e src/005button_interrupt.o
 .debug_macro   0x0000000000000000       0x51 src/005button_interrupt.o
 .debug_macro   0x0000000000000000       0xef src/005button_interrupt.o
 .debug_macro   0x0000000000000000       0x6a src/005button_interrupt.o
 .debug_macro   0x0000000000000000      0x1df src/005button_interrupt.o
 .debug_macro   0x0000000000000000      0x39e src/005button_interrupt.o
 .debug_macro   0x0000000000000000       0xc4 src/005button_interrupt.o
 .text          0x0000000000000000       0x14 startup/startup_stm32.o
 .data          0x0000000000000000        0x0 startup/startup_stm32.o
 .bss           0x0000000000000000        0x0 startup/startup_stm32.o
 .group         0x0000000000000000        0xc startup/sysmem.o
 .group         0x0000000000000000        0xc startup/sysmem.o
 .group         0x0000000000000000        0xc startup/sysmem.o
 .group         0x0000000000000000        0xc startup/sysmem.o
 .group         0x0000000000000000        0xc startup/sysmem.o
 .group         0x0000000000000000        0xc startup/sysmem.o
 .group         0x0000000000000000        0xc startup/sysmem.o
 .group         0x0000000000000000        0xc startup/sysmem.o
 .group         0x0000000000000000        0xc startup/sysmem.o
 .group         0x0000000000000000        0xc startup/sysmem.o
 .group         0x0000000000000000        0xc startup/sysmem.o
 .group         0x0000000000000000        0xc startup/sysmem.o
 .group         0x0000000000000000        0xc startup/sysmem.o
 .group         0x0000000000000000        0xc startup/sysmem.o
 .group         0x0000000000000000        0xc startup/sysmem.o
 .group         0x0000000000000000        0xc startup/sysmem.o
 .group         0x0000000000000000        0xc startup/sysmem.o
 .group         0x0000000000000000        0xc startup/sysmem.o
 .group         0x0000000000000000        0xc startup/sysmem.o
 .group         0x0000000000000000        0xc startup/sysmem.o
 .group         0x0000000000000000        0xc startup/sysmem.o
 .group         0x0000000000000000        0xc startup/sysmem.o
 .group         0x0000000000000000        0xc startup/sysmem.o
 .group         0x0000000000000000        0xc startup/sysmem.o
 .group         0x0000000000000000        0xc startup/sysmem.o
 .group         0x0000000000000000        0xc startup/sysmem.o
 .group         0x0000000000000000        0xc startup/sysmem.o
 .group         0x0000000000000000        0xc startup/sysmem.o
 .group         0x0000000000000000        0xc startup/sysmem.o
 .group         0x0000000000000000        0xc startup/sysmem.o
 .group         0x0000000000000000        0xc startup/sysmem.o
 .group         0x0000000000000000        0xc startup/sysmem.o
 .text          0x0000000000000000        0x0 startup/sysmem.o
 .data          0x0000000000000000        0x0 startup/sysmem.o
 .bss           0x0000000000000000        0x4 startup/sysmem.o
 .text._sbrk    0x0000000000000000       0x58 startup/sysmem.o
 .debug_info    0x0000000000000000      0x92c startup/sysmem.o
 .debug_abbrev  0x0000000000000000      0x1f1 startup/sysmem.o
 .debug_aranges
                0x0000000000000000       0x20 startup/sysmem.o
 .debug_ranges  0x0000000000000000       0x10 startup/sysmem.o
 .debug_macro   0x0000000000000000      0x1ae startup/sysmem.o
 .debug_macro   0x0000000000000000      0xa66 startup/sysmem.o
 .debug_macro   0x0000000000000000       0x10 startup/sysmem.o
 .debug_macro   0x0000000000000000       0x22 startup/sysmem.o
 .debug_macro   0x0000000000000000       0x58 startup/sysmem.o
 .debug_macro   0x0000000000000000       0x18 startup/sysmem.o
 .debug_macro   0x0000000000000000       0x94 startup/sysmem.o
 .debug_macro   0x0000000000000000       0x35 startup/sysmem.o
 .debug_macro   0x0000000000000000       0x34 startup/sysmem.o
 .debug_macro   0x0000000000000000      0x174 startup/sysmem.o
 .debug_macro   0x0000000000000000       0x57 startup/sysmem.o
 .debug_macro   0x0000000000000000       0x58 startup/sysmem.o
 .debug_macro   0x0000000000000000       0x1f startup/sysmem.o
 .debug_macro   0x0000000000000000       0x43 startup/sysmem.o
 .debug_macro   0x0000000000000000       0x20 startup/sysmem.o
 .debug_macro   0x0000000000000000      0x18e startup/sysmem.o
 .debug_macro   0x0000000000000000      0x23b startup/sysmem.o
 .debug_macro   0x0000000000000000       0x16 startup/sysmem.o
 .debug_macro   0x0000000000000000       0x35 startup/sysmem.o
 .debug_macro   0x0000000000000000      0x330 startup/sysmem.o
 .debug_macro   0x0000000000000000       0x10 startup/sysmem.o
 .debug_macro   0x0000000000000000       0x10 startup/sysmem.o
 .debug_macro   0x0000000000000000       0x6a startup/sysmem.o
 .debug_macro   0x0000000000000000       0x1c startup/sysmem.o
 .debug_macro   0x0000000000000000       0x52 startup/sysmem.o
 .debug_macro   0x0000000000000000       0x40 startup/sysmem.o
 .debug_macro   0x0000000000000000       0x10 startup/sysmem.o
 .debug_macro   0x0000000000000000       0x40 startup/sysmem.o
 .debug_macro   0x0000000000000000       0xd7 startup/sysmem.o
 .debug_macro   0x0000000000000000       0x1c startup/sysmem.o
 .debug_macro   0x0000000000000000       0x3d startup/sysmem.o
 .debug_macro   0x0000000000000000       0x16 startup/sysmem.o
 .debug_macro   0x0000000000000000      0x16f startup/sysmem.o
 .debug_line    0x0000000000000000      0x40e startup/sysmem.o
 .debug_str     0x0000000000000000     0x77b8 startup/sysmem.o
 .comment       0x0000000000000000       0x80 startup/sysmem.o
 .debug_frame   0x0000000000000000       0x34 startup/sysmem.o
 .ARM.attributes
                0x0000000000000000       0x39 startup/sysmem.o
 .text          0x0000000000000000        0x0 /home/erik/Ac6/SystemWorkbench/plugins/fr.ac6.mcu.externaltools.arm-none.linux64_1.17.0.201812190825/tools/compiler/bin/../lib/gcc/arm-none-eabi/7.3.1/../../../../arm-none-eabi/lib/thumb/v7e-m/fpv4-sp/hard/libc.a(lib_a-errno.o)
 .data          0x0000000000000000        0x0 /home/erik/Ac6/SystemWorkbench/plugins/fr.ac6.mcu.externaltools.arm-none.linux64_1.17.0.201812190825/tools/compiler/bin/../lib/gcc/arm-none-eabi/7.3.1/../../../../arm-none-eabi/lib/thumb/v7e-m/fpv4-sp/hard/libc.a(lib_a-errno.o)
 .bss           0x0000000000000000        0x0 /home/erik/Ac6/SystemWorkbench/plugins/fr.ac6.mcu.externaltools.arm-none.linux64_1.17.0.201812190825/tools/compiler/bin/../lib/gcc/arm-none-eabi/7.3.1/../../../../arm-none-eabi/lib/thumb/v7e-m/fpv4-sp/hard/libc.a(lib_a-errno.o)
 .text.__errno  0x0000000000000000        0xc /home/erik/Ac6/SystemWorkbench/plugins/fr.ac6.mcu.externaltools.arm-none.linux64_1.17.0.201812190825/tools/compiler/bin/../lib/gcc/arm-none-eabi/7.3.1/../../../../arm-none-eabi/lib/thumb/v7e-m/fpv4-sp/hard/libc.a(lib_a-errno.o)
 .debug_frame   0x0000000000000000       0x20 /home/erik/Ac6/SystemWorkbench/plugins/fr.ac6.mcu.externaltools.arm-none.linux64_1.17.0.201812190825/tools/compiler/bin/../lib/gcc/arm-none-eabi/7.3.1/../../../../arm-none-eabi/lib/thumb/v7e-m/fpv4-sp/hard/libc.a(lib_a-errno.o)
 .ARM.attributes
                0x0000000000000000       0x34 /home/erik/Ac6/SystemWorkbench/plugins/fr.ac6.mcu.externaltools.arm-none.linux64_1.17.0.201812190825/tools/compiler/bin/../lib/gcc/arm-none-eabi/7.3.1/../../../../arm-none-eabi/lib/thumb/v7e-m/fpv4-sp/hard/libc.a(lib_a-errno.o)
 .text          0x0000000000000000        0x0 /home/erik/Ac6/SystemWorkbench/plugins/fr.ac6.mcu.externaltools.arm-none.linux64_1.17.0.201812190825/tools/compiler/bin/../lib/gcc/arm-none-eabi/7.3.1/../../../../arm-none-eabi/lib/thumb/v7e-m/fpv4-sp/hard/libc.a(lib_a-exit.o)
 .data          0x0000000000000000        0x0 /home/erik/Ac6/SystemWorkbench/plugins/fr.ac6.mcu.externaltools.arm-none.linux64_1.17.0.201812190825/tools/compiler/bin/../lib/gcc/arm-none-eabi/7.3.1/../../../../arm-none-eabi/lib/thumb/v7e-m/fpv4-sp/hard/libc.a(lib_a-exit.o)
 .bss           0x0000000000000000        0x0 /home/erik/Ac6/SystemWorkbench/plugins/fr.ac6.mcu.externaltools.arm-none.linux64_1.17.0.201812190825/tools/compiler/bin/../lib/gcc/arm-none-eabi/7.3.1/../../../../arm-none-eabi/lib/thumb/v7e-m/fpv4-sp/hard/libc.a(lib_a-exit.o)
 .text.exit     0x0000000000000000       0x20 /home/erik/Ac6/SystemWorkbench/plugins/fr.ac6.mcu.externaltools.arm-none.linux64_1.17.0.201812190825/tools/compiler/bin/../lib/gcc/arm-none-eabi/7.3.1/../../../../arm-none-eabi/lib/thumb/v7e-m/fpv4-sp/hard/libc.a(lib_a-exit.o)
 .debug_frame   0x0000000000000000       0x28 /home/erik/Ac6/SystemWorkbench/plugins/fr.ac6.mcu.externaltools.arm-none.linux64_1.17.0.201812190825/tools/compiler/bin/../lib/gcc/arm-none-eabi/7.3.1/../../../../arm-none-eabi/lib/thumb/v7e-m/fpv4-sp/hard/libc.a(lib_a-exit.o)
 .ARM.attributes
                0x0000000000000000       0x34 /home/erik/Ac6/SystemWorkbench/plugins/fr.ac6.mcu.externaltools.arm-none.linux64_1.17.0.201812190825/tools/compiler/bin/../lib/gcc/arm-none-eabi/7.3.1/../../../../arm-none-eabi/lib/thumb/v7e-m/fpv4-sp/hard/libc.a(lib_a-exit.o)
 .text          0x0000000000000000        0x0 /home/erik/Ac6/SystemWorkbench/plugins/fr.ac6.mcu.externaltools.arm-none.linux64_1.17.0.201812190825/tools/compiler/bin/../lib/gcc/arm-none-eabi/7.3.1/../../../../arm-none-eabi/lib/thumb/v7e-m/fpv4-sp/hard/libc.a(lib_a-impure.o)
 .data          0x0000000000000000        0x0 /home/erik/Ac6/SystemWorkbench/plugins/fr.ac6.mcu.externaltools.arm-none.linux64_1.17.0.201812190825/tools/compiler/bin/../lib/gcc/arm-none-eabi/7.3.1/../../../../arm-none-eabi/lib/thumb/v7e-m/fpv4-sp/hard/libc.a(lib_a-impure.o)
 .bss           0x0000000000000000        0x0 /home/erik/Ac6/SystemWorkbench/plugins/fr.ac6.mcu.externaltools.arm-none.linux64_1.17.0.201812190825/tools/compiler/bin/../lib/gcc/arm-none-eabi/7.3.1/../../../../arm-none-eabi/lib/thumb/v7e-m/fpv4-sp/hard/libc.a(lib_a-impure.o)
 .data._impure_ptr
                0x0000000000000000        0x4 /home/erik/Ac6/SystemWorkbench/plugins/fr.ac6.mcu.externaltools.arm-none.linux64_1.17.0.201812190825/tools/compiler/bin/../lib/gcc/arm-none-eabi/7.3.1/../../../../arm-none-eabi/lib/thumb/v7e-m/fpv4-sp/hard/libc.a(lib_a-impure.o)
 .text          0x0000000000000000        0x0 /home/erik/Ac6/SystemWorkbench/plugins/fr.ac6.mcu.externaltools.arm-none.linux64_1.17.0.201812190825/tools/compiler/bin/../lib/gcc/arm-none-eabi/7.3.1/../../../../arm-none-eabi/lib/thumb/v7e-m/fpv4-sp/hard/libc.a(lib_a-init.o)
 .data          0x0000000000000000        0x0 /home/erik/Ac6/SystemWorkbench/plugins/fr.ac6.mcu.externaltools.arm-none.linux64_1.17.0.201812190825/tools/compiler/bin/../lib/gcc/arm-none-eabi/7.3.1/../../../../arm-none-eabi/lib/thumb/v7e-m/fpv4-sp/hard/libc.a(lib_a-init.o)
 .bss           0x0000000000000000        0x0 /home/erik/Ac6/SystemWorkbench/plugins/fr.ac6.mcu.externaltools.arm-none.linux64_1.17.0.201812190825/tools/compiler/bin/../lib/gcc/arm-none-eabi/7.3.1/../../../../arm-none-eabi/lib/thumb/v7e-m/fpv4-sp/hard/libc.a(lib_a-init.o)
 .text          0x0000000000000000        0x0 /home/erik/Ac6/SystemWorkbench/plugins/fr.ac6.mcu.externaltools.arm-none.linux64_1.17.0.201812190825/tools/compiler/bin/../lib/gcc/arm-none-eabi/7.3.1/../../../../arm-none-eabi/lib/thumb/v7e-m/fpv4-sp/hard/libc.a(lib_a-memset.o)
 .data          0x0000000000000000        0x0 /home/erik/Ac6/SystemWorkbench/plugins/fr.ac6.mcu.externaltools.arm-none.linux64_1.17.0.201812190825/tools/compiler/bin/../lib/gcc/arm-none-eabi/7.3.1/../../../../arm-none-eabi/lib/thumb/v7e-m/fpv4-sp/hard/libc.a(lib_a-memset.o)
 .bss           0x0000000000000000        0x0 /home/erik/Ac6/SystemWorkbench/plugins/fr.ac6.mcu.externaltools.arm-none.linux64_1.17.0.201812190825/tools/compiler/bin/../lib/gcc/arm-none-eabi/7.3.1/../../../../arm-none-eabi/lib/thumb/v7e-m/fpv4-sp/hard/libc.a(lib_a-memset.o)
 .text          0x0000000000000000        0x0 /home/erik/Ac6/SystemWorkbench/plugins/fr.ac6.mcu.externaltools.arm-none.linux64_1.17.0.201812190825/tools/compiler/bin/../lib/gcc/arm-none-eabi/7.3.1/../../../../arm-none-eabi/lib/thumb/v7e-m/fpv4-sp/hard/libc.a(lib_a-__call_atexit.o)
 .data          0x0000000000000000        0x0 /home/erik/Ac6/SystemWorkbench/plugins/fr.ac6.mcu.externaltools.arm-none.linux64_1.17.0.201812190825/tools/compiler/bin/../lib/gcc/arm-none-eabi/7.3.1/../../../../arm-none-eabi/lib/thumb/v7e-m/fpv4-sp/hard/libc.a(lib_a-__call_atexit.o)
 .bss           0x0000000000000000        0x0 /home/erik/Ac6/SystemWorkbench/plugins/fr.ac6.mcu.externaltools.arm-none.linux64_1.17.0.201812190825/tools/compiler/bin/../lib/gcc/arm-none-eabi/7.3.1/../../../../arm-none-eabi/lib/thumb/v7e-m/fpv4-sp/hard/libc.a(lib_a-__call_atexit.o)
 .text.__call_exitprocs
                0x0000000000000000       0xe8 /home/erik/Ac6/SystemWorkbench/plugins/fr.ac6.mcu.externaltools.arm-none.linux64_1.17.0.201812190825/tools/compiler/bin/../lib/gcc/arm-none-eabi/7.3.1/../../../../arm-none-eabi/lib/thumb/v7e-m/fpv4-sp/hard/libc.a(lib_a-__call_atexit.o)
 .text          0x0000000000000000        0x0 /home/erik/Ac6/SystemWorkbench/plugins/fr.ac6.mcu.externaltools.arm-none.linux64_1.17.0.201812190825/tools/compiler/bin/../lib/gcc/arm-none-eabi/7.3.1/../../../../arm-none-eabi/lib/thumb/v7e-m/fpv4-sp/hard/libc.a(lib_a-atexit.o)
 .data          0x0000000000000000        0x0 /home/erik/Ac6/SystemWorkbench/plugins/fr.ac6.mcu.externaltools.arm-none.linux64_1.17.0.201812190825/tools/compiler/bin/../lib/gcc/arm-none-eabi/7.3.1/../../../../arm-none-eabi/lib/thumb/v7e-m/fpv4-sp/hard/libc.a(lib_a-atexit.o)
 .bss           0x0000000000000000        0x0 /home/erik/Ac6/SystemWorkbench/plugins/fr.ac6.mcu.externaltools.arm-none.linux64_1.17.0.201812190825/tools/compiler/bin/../lib/gcc/arm-none-eabi/7.3.1/../../../../arm-none-eabi/lib/thumb/v7e-m/fpv4-sp/hard/libc.a(lib_a-atexit.o)
 .text          0x0000000000000000        0x0 /home/erik/Ac6/SystemWorkbench/plugins/fr.ac6.mcu.externaltools.arm-none.linux64_1.17.0.201812190825/tools/compiler/bin/../lib/gcc/arm-none-eabi/7.3.1/../../../../arm-none-eabi/lib/thumb/v7e-m/fpv4-sp/hard/libc.a(lib_a-fini.o)
 .data          0x0000000000000000        0x0 /home/erik/Ac6/SystemWorkbench/plugins/fr.ac6.mcu.externaltools.arm-none.linux64_1.17.0.201812190825/tools/compiler/bin/../lib/gcc/arm-none-eabi/7.3.1/../../../../arm-none-eabi/lib/thumb/v7e-m/fpv4-sp/hard/libc.a(lib_a-fini.o)
 .bss           0x0000000000000000        0x0 /home/erik/Ac6/SystemWorkbench/plugins/fr.ac6.mcu.externaltools.arm-none.linux64_1.17.0.201812190825/tools/compiler/bin/../lib/gcc/arm-none-eabi/7.3.1/../../../../arm-none-eabi/lib/thumb/v7e-m/fpv4-sp/hard/libc.a(lib_a-fini.o)
 .text          0x0000000000000000        0x0 /home/erik/Ac6/SystemWorkbench/plugins/fr.ac6.mcu.externaltools.arm-none.linux64_1.17.0.201812190825/tools/compiler/bin/../lib/gcc/arm-none-eabi/7.3.1/../../../../arm-none-eabi/lib/thumb/v7e-m/fpv4-sp/hard/libc.a(lib_a-lock.o)
 .data          0x0000000000000000        0x0 /home/erik/Ac6/SystemWorkbench/plugins/fr.ac6.mcu.externaltools.arm-none.linux64_1.17.0.201812190825/tools/compiler/bin/../lib/gcc/arm-none-eabi/7.3.1/../../../../arm-none-eabi/lib/thumb/v7e-m/fpv4-sp/hard/libc.a(lib_a-lock.o)
 .bss           0x0000000000000000        0x0 /home/erik/Ac6/SystemWorkbench/plugins/fr.ac6.mcu.externaltools.arm-none.linux64_1.17.0.201812190825/tools/compiler/bin/../lib/gcc/arm-none-eabi/7.3.1/../../../../arm-none-eabi/lib/thumb/v7e-m/fpv4-sp/hard/libc.a(lib_a-lock.o)
 .text.__retarget_lock_init
                0x0000000000000000        0x4 /home/erik/Ac6/SystemWorkbench/plugins/fr.ac6.mcu.externaltools.arm-none.linux64_1.17.0.201812190825/tools/compiler/bin/../lib/gcc/arm-none-eabi/7.3.1/../../../../arm-none-eabi/lib/thumb/v7e-m/fpv4-sp/hard/libc.a(lib_a-lock.o)
 .text.__retarget_lock_init_recursive
                0x0000000000000000        0x4 /home/erik/Ac6/SystemWorkbench/plugins/fr.ac6.mcu.externaltools.arm-none.linux64_1.17.0.201812190825/tools/compiler/bin/../lib/gcc/arm-none-eabi/7.3.1/../../../../arm-none-eabi/lib/thumb/v7e-m/fpv4-sp/hard/libc.a(lib_a-lock.o)
 .text.__retarget_lock_close
                0x0000000000000000        0x4 /home/erik/Ac6/SystemWorkbench/plugins/fr.ac6.mcu.externaltools.arm-none.linux64_1.17.0.201812190825/tools/compiler/bin/../lib/gcc/arm-none-eabi/7.3.1/../../../../arm-none-eabi/lib/thumb/v7e-m/fpv4-sp/hard/libc.a(lib_a-lock.o)
 .text.__retarget_lock_close_recursive
                0x0000000000000000        0x4 /home/erik/Ac6/SystemWorkbench/plugins/fr.ac6.mcu.externaltools.arm-none.linux64_1.17.0.201812190825/tools/compiler/bin/../lib/gcc/arm-none-eabi/7.3.1/../../../../arm-none-eabi/lib/thumb/v7e-m/fpv4-sp/hard/libc.a(lib_a-lock.o)
 .text.__retarget_lock_acquire
                0x0000000000000000        0x4 /home/erik/Ac6/SystemWorkbench/plugins/fr.ac6.mcu.externaltools.arm-none.linux64_1.17.0.201812190825/tools/compiler/bin/../lib/gcc/arm-none-eabi/7.3.1/../../../../arm-none-eabi/lib/thumb/v7e-m/fpv4-sp/hard/libc.a(lib_a-lock.o)
 .text.__retarget_lock_try_acquire
                0x0000000000000000        0x4 /home/erik/Ac6/SystemWorkbench/plugins/fr.ac6.mcu.externaltools.arm-none.linux64_1.17.0.201812190825/tools/compiler/bin/../lib/gcc/arm-none-eabi/7.3.1/../../../../arm-none-eabi/lib/thumb/v7e-m/fpv4-sp/hard/libc.a(lib_a-lock.o)
 .text.__retarget_lock_try_acquire_recursive
                0x0000000000000000        0x4 /home/erik/Ac6/SystemWorkbench/plugins/fr.ac6.mcu.externaltools.arm-none.linux64_1.17.0.201812190825/tools/compiler/bin/../lib/gcc/arm-none-eabi/7.3.1/../../../../arm-none-eabi/lib/thumb/v7e-m/fpv4-sp/hard/libc.a(lib_a-lock.o)
 .text.__retarget_lock_release
                0x0000000000000000        0x4 /home/erik/Ac6/SystemWorkbench/plugins/fr.ac6.mcu.externaltools.arm-none.linux64_1.17.0.201812190825/tools/compiler/bin/../lib/gcc/arm-none-eabi/7.3.1/../../../../arm-none-eabi/lib/thumb/v7e-m/fpv4-sp/hard/libc.a(lib_a-lock.o)
 .text          0x0000000000000000        0x0 /home/erik/Ac6/SystemWorkbench/plugins/fr.ac6.mcu.externaltools.arm-none.linux64_1.17.0.201812190825/tools/compiler/bin/../lib/gcc/arm-none-eabi/7.3.1/../../../../arm-none-eabi/lib/thumb/v7e-m/fpv4-sp/hard/libc.a(lib_a-__atexit.o)
 .data          0x0000000000000000        0x0 /home/erik/Ac6/SystemWorkbench/plugins/fr.ac6.mcu.externaltools.arm-none.linux64_1.17.0.201812190825/tools/compiler/bin/../lib/gcc/arm-none-eabi/7.3.1/../../../../arm-none-eabi/lib/thumb/v7e-m/fpv4-sp/hard/libc.a(lib_a-__atexit.o)
 .bss           0x0000000000000000        0x0 /home/erik/Ac6/SystemWorkbench/plugins/fr.ac6.mcu.externaltools.arm-none.linux64_1.17.0.201812190825/tools/compiler/bin/../lib/gcc/arm-none-eabi/7.3.1/../../../../arm-none-eabi/lib/thumb/v7e-m/fpv4-sp/hard/libc.a(lib_a-__atexit.o)
 .text          0x0000000000000000        0x0 /home/erik/Ac6/SystemWorkbench/plugins/fr.ac6.mcu.externaltools.arm-none.linux64_1.17.0.201812190825/tools/compiler/bin/../lib/gcc/arm-none-eabi/7.3.1/thumb/v7e-m/fpv4-sp/hard/crtend.o
 .data          0x0000000000000000        0x0 /home/erik/Ac6/SystemWorkbench/plugins/fr.ac6.mcu.externaltools.arm-none.linux64_1.17.0.201812190825/tools/compiler/bin/../lib/gcc/arm-none-eabi/7.3.1/thumb/v7e-m/fpv4-sp/hard/crtend.o
 .bss           0x0000000000000000        0x0 /home/erik/Ac6/SystemWorkbench/plugins/fr.ac6.mcu.externaltools.arm-none.linux64_1.17.0.201812190825/tools/compiler/bin/../lib/gcc/arm-none-eabi/7.3.1/thumb/v7e-m/fpv4-sp/hard/crtend.o
 .eh_frame      0x0000000000000000        0x4 /home/erik/Ac6/SystemWorkbench/plugins/fr.ac6.mcu.externaltools.arm-none.linux64_1.17.0.201812190825/tools/compiler/bin/../lib/gcc/arm-none-eabi/7.3.1/thumb/v7e-m/fpv4-sp/hard/crtend.o
 .ARM.attributes
                0x0000000000000000       0x34 /home/erik/Ac6/SystemWorkbench/plugins/fr.ac6.mcu.externaltools.arm-none.linux64_1.17.0.201812190825/tools/compiler/bin/../lib/gcc/arm-none-eabi/7.3.1/thumb/v7e-m/fpv4-sp/hard/crtend.o
 .text          0x0000000000000000        0x0 /home/erik/Ac6/SystemWorkbench/plugins/fr.ac6.mcu.externaltools.arm-none.linux64_1.17.0.201812190825/tools/compiler/bin/../lib/gcc/arm-none-eabi/7.3.1/thumb/v7e-m/fpv4-sp/hard/crtn.o
 .data          0x0000000000000000        0x0 /home/erik/Ac6/SystemWorkbench/plugins/fr.ac6.mcu.externaltools.arm-none.linux64_1.17.0.201812190825/tools/compiler/bin/../lib/gcc/arm-none-eabi/7.3.1/thumb/v7e-m/fpv4-sp/hard/crtn.o
 .bss           0x0000000000000000        0x0 /home/erik/Ac6/SystemWorkbench/plugins/fr.ac6.mcu.externaltools.arm-none.linux64_1.17.0.201812190825/tools/compiler/bin/../lib/gcc/arm-none-eabi/7.3.1/thumb/v7e-m/fpv4-sp/hard/crtn.o

Memory Configuration

Name             Origin             Length             Attributes
RAM              0x0000000020000000 0x0000000000020000 xrw
ROM              0x0000000008000000 0x0000000000100000 xr
*default*        0x0000000000000000 0xffffffffffffffff

Linker script and memory map

LOAD /home/erik/Ac6/SystemWorkbench/plugins/fr.ac6.mcu.externaltools.arm-none.linux64_1.17.0.201812190825/tools/compiler/bin/../lib/gcc/arm-none-eabi/7.3.1/thumb/v7e-m/fpv4-sp/hard/crti.o
LOAD /home/erik/Ac6/SystemWorkbench/plugins/fr.ac6.mcu.externaltools.arm-none.linux64_1.17.0.201812190825/tools/compiler/bin/../lib/gcc/arm-none-eabi/7.3.1/thumb/v7e-m/fpv4-sp/hard/crtbegin.o
LOAD /home/erik/Ac6/SystemWorkbench/plugins/fr.ac6.mcu.externaltools.arm-none.linux64_1.17.0.201812190825/tools/compiler/bin/../lib/gcc/arm-none-eabi/7.3.1/../../../../arm-none-eabi/lib/thumb/v7e-m/fpv4-sp/hard/crt0.o
LOAD drivers/src/stm32f407xx_gpio_driver.o
LOAD src/005button_interrupt.o
LOAD startup/startup_stm32.o
LOAD startup/sysmem.o
LOAD /home/erik/Ac6/SystemWorkbench/plugins/fr.ac6.mcu.externaltools.arm-none.linux64_1.17.0.201812190825/tools/compiler/bin/../lib/gcc/arm-none-eabi/7.3.1/../../../../arm-none-eabi/lib/thumb/v7e-m/fpv4-sp/hard/libm.a
START GROUP
LOAD /home/erik/Ac6/SystemWorkbench/plugins/fr.ac6.mcu.externaltools.arm-none.linux64_1.17.0.201812190825/tools/compiler/bin/../lib/gcc/arm-none-eabi/7.3.1/thumb/v7e-m/fpv4-sp/hard/libgcc.a
LOAD /home/erik/Ac6/SystemWorkbench/plugins/fr.ac6.mcu.externaltools.arm-none.linux64_1.17.0.201812190825/tools/compiler/bin/../lib/gcc/arm-none-eabi/7.3.1/../../../../arm-none-eabi/lib/thumb/v7e-m/fpv4-sp/hard/libc.a
END GROUP
LOAD /home/erik/Ac6/SystemWorkbench/plugins/fr.ac6.mcu.externaltools.arm-none.linux64_1.17.0.201812190825/tools/compiler/bin/../lib/gcc/arm-none-eabi/7.3.1/thumb/v7e-m/fpv4-sp/hard/crtend.o
LOAD /home/erik/Ac6/SystemWorkbench/plugins/fr.ac6.mcu.externaltools.arm-none.linux64_1.17.0.201812190825/tools/compiler/bin/../lib/gcc/arm-none-eabi/7.3.1/thumb/v7e-m/fpv4-sp/hard/crtn.o
                0x0000000020020000                _estack = 0x20020000
                0x0000000000000000                _Min_Heap_Size = 0x0
                0x0000000000000400                _Min_Stack_Size = 0x400

.isr_vector     0x0000000008000000      0x1a8
                0x0000000008000000                . = ALIGN (0x4)
 *(.isr_vector)
 .isr_vector    0x0000000008000000      0x1a8 startup/startup_stm32.o
                0x0000000008000000                g_pfnVectors
                0x00000000080001a8                . = ALIGN (0x4)

.text           0x00000000080001a8      0xab4
                0x00000000080001a8                . = ALIGN (0x4)
 *(.text)
 .text          0x00000000080001a8       0x40 /home/erik/Ac6/SystemWorkbench/plugins/fr.ac6.mcu.externaltools.arm-none.linux64_1.17.0.201812190825/tools/compiler/bin/../lib/gcc/arm-none-eabi/7.3.1/thumb/v7e-m/fpv4-sp/hard/crtbegin.o
 *(.text*)
 .text.GPIO_PeriClockControl
                0x00000000080001e8      0x1d0 drivers/src/stm32f407xx_gpio_driver.o
                0x00000000080001e8                GPIO_PeriClockControl
 .text.GPIO_Init
                0x00000000080003b8      0x340 drivers/src/stm32f407xx_gpio_driver.o
                0x00000000080003b8                GPIO_Init
 .text.GPIO_WriteToOutputPin
                0x00000000080006f8       0x4a drivers/src/stm32f407xx_gpio_driver.o
                0x00000000080006f8                GPIO_WriteToOutputPin
 .text.GPIO_ToggleOutputPin
                0x0000000008000742       0x2a drivers/src/stm32f407xx_gpio_driver.o
                0x0000000008000742                GPIO_ToggleOutputPin
 .text.GPIO_IRQInterruptConfig
                0x000000000800076c      0x10c drivers/src/stm32f407xx_gpio_driver.o
                0x000000000800076c                GPIO_IRQInterruptConfig
 .text.GPIO_IRQPriorityConfig
                0x0000000008000878       0x60 drivers/src/stm32f407xx_gpio_driver.o
                0x0000000008000878                GPIO_IRQPriorityConfig
 .text.GPIO_IRQHandling
                0x00000000080008d8       0x40 drivers/src/stm32f407xx_gpio_driver.o
                0x00000000080008d8                GPIO_IRQHandling
 .text.delay    0x0000000008000918       0x2c src/005button_interrupt.o
                0x0000000008000918                delay
 .text.main     0x0000000008000944       0x94 src/005button_interrupt.o
                0x0000000008000944                main
 .text.EXTI0_IRQHandler
                0x00000000080009d8       0x20 src/005button_interrupt.o
                0x00000000080009d8                EXTI0_IRQHandler
 .text.Reset_Handler
                0x00000000080009f8       0x50 startup/startup_stm32.o
                0x00000000080009f8                Reset_Handler
 .text.Default_Handler
                0x0000000008000a48        0x2 startup/startup_stm32.o
                0x0000000008000a48                RTC_Alarm_IRQHandler
                0x0000000008000a48                HASH_RNG_IRQHandler
                0x0000000008000a48                EXTI2_IRQHandler
                0x0000000008000a48                TIM8_CC_IRQHandler
                0x0000000008000a48                DebugMon_Handler
                0x0000000008000a48                TIM1_CC_IRQHandler
                0x0000000008000a48                DMA2_Stream5_IRQHandler
                0x0000000008000a48                HardFault_Handler
                0x0000000008000a48                DMA1_Stream5_IRQHandler
                0x0000000008000a48                SysTick_Handler
                0x0000000008000a48                PVD_IRQHandler
                0x0000000008000a48                SDIO_IRQHandler
                0x0000000008000a48                TAMP_STAMP_IRQHandler
                0x0000000008000a48                PendSV_Handler
                0x0000000008000a48                NMI_Handler
                0x0000000008000a48                CAN2_RX1_IRQHandler
                0x0000000008000a48                EXTI3_IRQHandler
                0x0000000008000a48                TIM8_TRG_COM_TIM14_IRQHandler
                0x0000000008000a48                TIM1_UP_TIM10_IRQHandler
                0x0000000008000a48                TIM8_UP_TIM13_IRQHandler
                0x0000000008000a48                I2C3_ER_IRQHandler
                0x0000000008000a48                LCD_TFT_IRQHandler
                0x0000000008000a48                I2C2_EV_IRQHandler
                0x0000000008000a48                DMA1_Stream2_IRQHandler
                0x0000000008000a48                CAN1_RX0_IRQHandler
                0x0000000008000a48                FPU_IRQHandler
                0x0000000008000a48                OTG_HS_WKUP_IRQHandler
                0x0000000008000a48                UsageFault_Handler
                0x0000000008000a48                CAN2_SCE_IRQHandler
                0x0000000008000a48                DMA2_Stream2_IRQHandler
                0x0000000008000a48                SPI1_IRQHandler
                0x0000000008000a48                TIM6_DAC_IRQHandler
                0x0000000008000a48                TIM1_BRK_TIM9_IRQHandler
                0x0000000008000a48                DCMI_IRQHandler
                0x0000000008000a48                CAN2_RX0_IRQHandler
                0x0000000008000a48                DMA2_Stream3_IRQHandler
                0x0000000008000a48                USART6_IRQHandler
                0x0000000008000a48                USART3_IRQHandler
                0x0000000008000a48                CRYP_IRQHandler
                0x0000000008000a48                CAN1_RX1_IRQHandler
                0x0000000008000a48                UART5_IRQHandler
                0x0000000008000a48                DMA2_Stream0_IRQHandler
                0x0000000008000a48                TIM4_IRQHandler
                0x0000000008000a48                I2C1_EV_IRQHandler
                0x0000000008000a48                DMA1_Stream6_IRQHandler
                0x0000000008000a48                DMA1_Stream1_IRQHandler
                0x0000000008000a48                UART4_IRQHandler
                0x0000000008000a48                LCD_TFT_1_IRQHandler
                0x0000000008000a48                TIM3_IRQHandler
                0x0000000008000a48                RCC_IRQHandler
                0x0000000008000a48                TIM8_BRK_TIM12_IRQHandler
                0x0000000008000a48                Default_Handler
                0x0000000008000a48                EXTI15_10_IRQHandler
                0x0000000008000a48                ADC_IRQHandler
                0x0000000008000a48                DMA1_Stream7_IRQHandler
                0x0000000008000a48                TIM7_IRQHandler
                0x0000000008000a48                CAN2_TX_IRQHandler
                0x0000000008000a48                TIM5_IRQHandler
                0x0000000008000a48                DMA2_Stream7_IRQHandler
                0x0000000008000a48                I2C3_EV_IRQHandler
                0x0000000008000a48                EXTI9_5_IRQHandler
                0x0000000008000a48                RTC_WKUP_IRQHandler
                0x0000000008000a48                ETH_WKUP_IRQHandler
                0x0000000008000a48                SPI2_IRQHandler
                0x0000000008000a48                OTG_HS_EP1_IN_IRQHandler
                0x0000000008000a48                MemManage_Handler
                0x0000000008000a48                DMA1_Stream0_IRQHandler
                0x0000000008000a48                CAN1_TX_IRQHandler
                0x0000000008000a48                SVC_Handler
                0x0000000008000a48                EXTI4_IRQHandler
                0x0000000008000a48                FSMC_IRQHandler
                0x0000000008000a48                ETH_IRQHandler
                0x0000000008000a48                OTG_HS_EP1_OUT_IRQHandler
                0x0000000008000a48                WWDG_IRQHandler
                0x0000000008000a48                TIM2_IRQHandler
                0x0000000008000a48                OTG_FS_WKUP_IRQHandler
                0x0000000008000a48                TIM1_TRG_COM_TIM11_IRQHandler
                0x0000000008000a48                OTG_HS_IRQHandler
                0x0000000008000a48                EXTI1_IRQHandler
                0x0000000008000a48                USART2_IRQHandler
                0x0000000008000a48                I2C2_ER_IRQHandler
                0x0000000008000a48                DMA2_Stream1_IRQHandler
                0x0000000008000a48                CAN1_SCE_IRQHandler
                0x0000000008000a48                DMA2_Stream4_IRQHandler
                0x0000000008000a48                BusFault_Handler
                0x0000000008000a48                USART1_IRQHandler
                0x0000000008000a48                OTG_FS_IRQHandler
                0x0000000008000a48                SPI3_IRQHandler
                0x0000000008000a48                DMA1_Stream4_IRQHandler
                0x0000000008000a48                I2C1_ER_IRQHandler
                0x0000000008000a48                DMA2_Stream6_IRQHandler
                0x0000000008000a48                DMA1_Stream3_IRQHandler
 *fill*         0x0000000008000a4a        0x2 
 .text.__libc_init_array
                0x0000000008000a4c       0x48 /home/erik/Ac6/SystemWorkbench/plugins/fr.ac6.mcu.externaltools.arm-none.linux64_1.17.0.201812190825/tools/compiler/bin/../lib/gcc/arm-none-eabi/7.3.1/../../../../arm-none-eabi/lib/thumb/v7e-m/fpv4-sp/hard/libc.a(lib_a-init.o)
                0x0000000008000a4c                __libc_init_array
 .text.memset   0x0000000008000a94       0x94 /home/erik/Ac6/SystemWorkbench/plugins/fr.ac6.mcu.externaltools.arm-none.linux64_1.17.0.201812190825/tools/compiler/bin/../lib/gcc/arm-none-eabi/7.3.1/../../../../arm-none-eabi/lib/thumb/v7e-m/fpv4-sp/hard/libc.a(lib_a-memset.o)
                0x0000000008000a94                memset
 .text.startup.register_fini
                0x0000000008000b28       0x14 /home/erik/Ac6/SystemWorkbench/plugins/fr.ac6.mcu.externaltools.arm-none.linux64_1.17.0.201812190825/tools/compiler/bin/../lib/gcc/arm-none-eabi/7.3.1/../../../../arm-none-eabi/lib/thumb/v7e-m/fpv4-sp/hard/libc.a(lib_a-__call_atexit.o)
 .text.atexit   0x0000000008000b3c        0xc /home/erik/Ac6/SystemWorkbench/plugins/fr.ac6.mcu.externaltools.arm-none.linux64_1.17.0.201812190825/tools/compiler/bin/../lib/gcc/arm-none-eabi/7.3.1/../../../../arm-none-eabi/lib/thumb/v7e-m/fpv4-sp/hard/libc.a(lib_a-atexit.o)
                0x0000000008000b3c                atexit
 .text.__libc_fini_array
                0x0000000008000b48       0x34 /home/erik/Ac6/SystemWorkbench/plugins/fr.ac6.mcu.externaltools.arm-none.linux64_1.17.0.201812190825/tools/compiler/bin/../lib/gcc/arm-none-eabi/7.3.1/../../../../arm-none-eabi/lib/thumb/v7e-m/fpv4-sp/hard/libc.a(lib_a-fini.o)
                0x0000000008000b48                __libc_fini_array
 .text.__retarget_lock_acquire_recursive
                0x0000000008000b7c        0x4 /home/erik/Ac6/SystemWorkbench/plugins/fr.ac6.mcu.externaltools.arm-none.linux64_1.17.0.201812190825/tools/compiler/bin/../lib/gcc/arm-none-eabi/7.3.1/../../../../arm-none-eabi/lib/thumb/v7e-m/fpv4-sp/hard/libc.a(lib_a-lock.o)
                0x0000000008000b7c                __retarget_lock_acquire_recursive
 .text.__retarget_lock_release_recursive
                0x0000000008000b80        0x4 /home/erik/Ac6/SystemWorkbench/plugins/fr.ac6.mcu.externaltools.arm-none.linux64_1.17.0.201812190825/tools/compiler/bin/../lib/gcc/arm-none-eabi/7.3.1/../../../../arm-none-eabi/lib/thumb/v7e-m/fpv4-sp/hard/libc.a(lib_a-lock.o)
                0x0000000008000b80                __retarget_lock_release_recursive
 .text.__register_exitproc
                0x0000000008000b84       0xc0 /home/erik/Ac6/SystemWorkbench/plugins/fr.ac6.mcu.externaltools.arm-none.linux64_1.17.0.201812190825/tools/compiler/bin/../lib/gcc/arm-none-eabi/7.3.1/../../../../arm-none-eabi/lib/thumb/v7e-m/fpv4-sp/hard/libc.a(lib_a-__atexit.o)
                0x0000000008000b84                __register_exitproc
 *(.glue_7)
 .glue_7        0x0000000008000c44        0x0 linker stubs
 *(.glue_7t)
 .glue_7t       0x0000000008000c44        0x0 linker stubs
 *(.eh_frame)
 .eh_frame      0x0000000008000c44        0x0 /home/erik/Ac6/SystemWorkbench/plugins/fr.ac6.mcu.externaltools.arm-none.linux64_1.17.0.201812190825/tools/compiler/bin/../lib/gcc/arm-none-eabi/7.3.1/thumb/v7e-m/fpv4-sp/hard/crtbegin.o
 *(.init)
 .init          0x0000000008000c44        0x4 /home/erik/Ac6/SystemWorkbench/plugins/fr.ac6.mcu.externaltools.arm-none.linux64_1.17.0.201812190825/tools/compiler/bin/../lib/gcc/arm-none-eabi/7.3.1/thumb/v7e-m/fpv4-sp/hard/crti.o
                0x0000000008000c44                _init
 .init          0x0000000008000c48        0x8 /home/erik/Ac6/SystemWorkbench/plugins/fr.ac6.mcu.externaltools.arm-none.linux64_1.17.0.201812190825/tools/compiler/bin/../lib/gcc/arm-none-eabi/7.3.1/thumb/v7e-m/fpv4-sp/hard/crtn.o
 *(.fini)
 .fini          0x0000000008000c50        0x4 /home/erik/Ac6/SystemWorkbench/plugins/fr.ac6.mcu.externaltools.arm-none.linux64_1.17.0.201812190825/tools/compiler/bin/../lib/gcc/arm-none-eabi/7.3.1/thumb/v7e-m/fpv4-sp/hard/crti.o
                0x0000000008000c50                _fini
 .fini          0x0000000008000c54        0x8 /home/erik/Ac6/SystemWorkbench/plugins/fr.ac6.mcu.externaltools.arm-none.linux64_1.17.0.201812190825/tools/compiler/bin/../lib/gcc/arm-none-eabi/7.3.1/thumb/v7e-m/fpv4-sp/hard/crtn.o
                0x0000000008000c5c                . = ALIGN (0x4)
                0x0000000008000c5c                _etext = .

.vfp11_veneer   0x0000000008000c5c        0x0
 .vfp11_veneer  0x0000000008000c5c        0x0 linker stubs

.v4_bx          0x0000000008000c5c        0x0
 .v4_bx         0x0000000008000c5c        0x0 linker stubs

.iplt           0x0000000008000c5c        0x0
 .iplt          0x0000000008000c5c        0x0 /home/erik/Ac6/SystemWorkbench/plugins/fr.ac6.mcu.externaltools.arm-none.linux64_1.17.0.201812190825/tools/compiler/bin/../lib/gcc/arm-none-eabi/7.3.1/thumb/v7e-m/fpv4-sp/hard/crtbegin.o

.rodata         0x0000000008000c5c        0x4
                0x0000000008000c5c                . = ALIGN (0x4)
 *(.rodata)
 *(.rodata*)
 .rodata._global_impure_ptr
                0x0000000008000c5c        0x4 /home/erik/Ac6/SystemWorkbench/plugins/fr.ac6.mcu.externaltools.arm-none.linux64_1.17.0.201812190825/tools/compiler/bin/../lib/gcc/arm-none-eabi/7.3.1/../../../../arm-none-eabi/lib/thumb/v7e-m/fpv4-sp/hard/libc.a(lib_a-impure.o)
                0x0000000008000c5c                _global_impure_ptr
                0x0000000008000c60                . = ALIGN (0x4)

.rel.dyn        0x0000000008000c60        0x0
 .rel.iplt      0x0000000008000c60        0x0 /home/erik/Ac6/SystemWorkbench/plugins/fr.ac6.mcu.externaltools.arm-none.linux64_1.17.0.201812190825/tools/compiler/bin/../lib/gcc/arm-none-eabi/7.3.1/thumb/v7e-m/fpv4-sp/hard/crtbegin.o

.ARM.extab      0x0000000008000c60        0x0
                0x0000000008000c60                . = ALIGN (0x4)
 *(.ARM.extab* .gnu.linkonce.armextab.*)
                0x0000000008000c60                . = ALIGN (0x4)

.ARM            0x0000000008000c60        0x0
                0x0000000008000c60                . = ALIGN (0x4)
                0x0000000008000c60                __exidx_start = .
 *(.ARM.exidx*)
                0x0000000008000c60                __exidx_end = .
                0x0000000008000c60                . = ALIGN (0x4)

.preinit_array  0x0000000008000c60        0x0
                0x0000000008000c60                . = ALIGN (0x4)
                0x0000000008000c60                PROVIDE (__preinit_array_start = .)
 *(.preinit_array*)
                0x0000000008000c60                PROVIDE (__preinit_array_end = .)
                0x0000000008000c60                . = ALIGN (0x4)

.init_array     0x0000000008000c60        0x8
                0x0000000008000c60                . = ALIGN (0x4)
                0x0000000008000c60                PROVIDE (__init_array_start = .)
 *(SORT_BY_NAME(.init_array.*))
 .init_array.00000
                0x0000000008000c60        0x4 /home/erik/Ac6/SystemWorkbench/plugins/fr.ac6.mcu.externaltools.arm-none.linux64_1.17.0.201812190825/tools/compiler/bin/../lib/gcc/arm-none-eabi/7.3.1/../../../../arm-none-eabi/lib/thumb/v7e-m/fpv4-sp/hard/libc.a(lib_a-__call_atexit.o)
 *(.init_array*)
 .init_array    0x0000000008000c64        0x4 /home/erik/Ac6/SystemWorkbench/plugins/fr.ac6.mcu.externaltools.arm-none.linux64_1.17.0.201812190825/tools/compiler/bin/../lib/gcc/arm-none-eabi/7.3.1/thumb/v7e-m/fpv4-sp/hard/crtbegin.o
                0x0000000008000c68                PROVIDE (__init_array_end = .)
                0x0000000008000c68                . = ALIGN (0x4)

.fini_array     0x0000000008000c68        0x4
                0x0000000008000c68                . = ALIGN (0x4)
                0x0000000008000c68                PROVIDE (__fini_array_start = .)
 *(SORT_BY_NAME(.fini_array.*))
 *(.fini_array*)
 .fini_array    0x0000000008000c68        0x4 /home/erik/Ac6/SystemWorkbench/plugins/fr.ac6.mcu.externaltools.arm-none.linux64_1.17.0.201812190825/tools/compiler/bin/../lib/gcc/arm-none-eabi/7.3.1/thumb/v7e-m/fpv4-sp/hard/crtbegin.o
                0x0000000008000c6c                PROVIDE (__fini_array_end = .)
                0x0000000008000c6c                . = ALIGN (0x4)
                0x0000000008000c6c                _sidata = LOADADDR (.data)

.data           0x0000000020000000      0x42c load address 0x0000000008000c6c
                0x0000000020000000                . = ALIGN (0x4)
                0x0000000020000000                _sdata = .
 *(.data)
 *(.data*)
 .data.impure_data
                0x0000000020000000      0x428 /home/erik/Ac6/SystemWorkbench/plugins/fr.ac6.mcu.externaltools.arm-none.linux64_1.17.0.201812190825/tools/compiler/bin/../lib/gcc/arm-none-eabi/7.3.1/../../../../arm-none-eabi/lib/thumb/v7e-m/fpv4-sp/hard/libc.a(lib_a-impure.o)
 .data.__atexit_recursive_mutex
                0x0000000020000428        0x4 /home/erik/Ac6/SystemWorkbench/plugins/fr.ac6.mcu.externaltools.arm-none.linux64_1.17.0.201812190825/tools/compiler/bin/../lib/gcc/arm-none-eabi/7.3.1/../../../../arm-none-eabi/lib/thumb/v7e-m/fpv4-sp/hard/libc.a(lib_a-__call_atexit.o)
                0x0000000020000428                __atexit_recursive_mutex
                0x000000002000042c                . = ALIGN (0x4)
                0x000000002000042c                _edata = .

.igot.plt       0x000000002000042c        0x0 load address 0x0000000008001098
 .igot.plt      0x000000002000042c        0x0 /home/erik/Ac6/SystemWorkbench/plugins/fr.ac6.mcu.externaltools.arm-none.linux64_1.17.0.201812190825/tools/compiler/bin/../lib/gcc/arm-none-eabi/7.3.1/thumb/v7e-m/fpv4-sp/hard/crtbegin.o
                0x000000002000042c                . = ALIGN (0x4)

.bss            0x000000002000042c       0x40 load address 0x0000000008001098
                0x000000002000042c                _sbss = .
                0x000000002000042c                __bss_start__ = _sbss
 *(.bss)
 .bss           0x000000002000042c       0x1c /home/erik/Ac6/SystemWorkbench/plugins/fr.ac6.mcu.externaltools.arm-none.linux64_1.17.0.201812190825/tools/compiler/bin/../lib/gcc/arm-none-eabi/7.3.1/thumb/v7e-m/fpv4-sp/hard/crtbegin.o
 *(.bss*)
 *(COMMON)
 COMMON         0x0000000020000448       0x21 /home/erik/Ac6/SystemWorkbench/plugins/fr.ac6.mcu.externaltools.arm-none.linux64_1.17.0.201812190825/tools/compiler/bin/../lib/gcc/arm-none-eabi/7.3.1/../../../../arm-none-eabi/lib/thumb/v7e-m/fpv4-sp/hard/libc.a(lib_a-lock.o)
                0x0000000020000448                __lock___atexit_recursive_mutex
                0x000000002000044c                __lock___arc4random_mutex
                0x0000000020000450                __lock___env_recursive_mutex
                0x0000000020000454                __lock___sinit_recursive_mutex
                0x0000000020000458                __lock___malloc_recursive_mutex
                0x000000002000045c                __lock___at_quick_exit_mutex
                0x0000000020000460                __lock___dd_hash_mutex
                0x0000000020000464                __lock___tz_mutex
                0x0000000020000468                __lock___sfp_recursive_mutex
                0x000000002000046c                . = ALIGN (0x4)
 *fill*         0x0000000020000469        0x3 
                0x000000002000046c                _ebss = .
                0x000000002000046c                __bss_end__ = _ebss

._user_heap_stack
                0x000000002000046c      0x404 load address 0x0000000008001098
                0x0000000020000470                . = ALIGN (0x8)
 *fill*         0x000000002000046c        0x4 
                0x0000000020000470                PROVIDE (end = .)
                [!provide]                        PROVIDE (_end = .)
                0x0000000020000470                . = (. + _Min_Heap_Size)
                0x0000000020000870                . = (. + _Min_Stack_Size)
 *fill*         0x0000000020000470      0x400 
                0x0000000020000870                . = ALIGN (0x8)

/DISCARD/
 libc.a(*)
 libm.a(*)
 libgcc.a(*)

.ARM.attributes
                0x0000000000000000       0x30
 *(.ARM.attributes)
 .ARM.attributes
                0x0000000000000000       0x22 /home/erik/Ac6/SystemWorkbench/plugins/fr.ac6.mcu.externaltools.arm-none.linux64_1.17.0.201812190825/tools/compiler/bin/../lib/gcc/arm-none-eabi/7.3.1/thumb/v7e-m/fpv4-sp/hard/crti.o
 .ARM.attributes
                0x0000000000000022       0x34 /home/erik/Ac6/SystemWorkbench/plugins/fr.ac6.mcu.externaltools.arm-none.linux64_1.17.0.201812190825/tools/compiler/bin/../lib/gcc/arm-none-eabi/7.3.1/thumb/v7e-m/fpv4-sp/hard/crtbegin.o
 .ARM.attributes
                0x0000000000000056       0x39 drivers/src/stm32f407xx_gpio_driver.o
 .ARM.attributes
                0x000000000000008f       0x39 src/005button_interrupt.o
 .ARM.attributes
                0x00000000000000c8       0x21 startup/startup_stm32.o
 .ARM.attributes
                0x00000000000000e9       0x34 /home/erik/Ac6/SystemWorkbench/plugins/fr.ac6.mcu.externaltools.arm-none.linux64_1.17.0.201812190825/tools/compiler/bin/../lib/gcc/arm-none-eabi/7.3.1/../../../../arm-none-eabi/lib/thumb/v7e-m/fpv4-sp/hard/libc.a(lib_a-impure.o)
 .ARM.attributes
                0x000000000000011d       0x34 /home/erik/Ac6/SystemWorkbench/plugins/fr.ac6.mcu.externaltools.arm-none.linux64_1.17.0.201812190825/tools/compiler/bin/../lib/gcc/arm-none-eabi/7.3.1/../../../../arm-none-eabi/lib/thumb/v7e-m/fpv4-sp/hard/libc.a(lib_a-init.o)
 .ARM.attributes
                0x0000000000000151       0x34 /home/erik/Ac6/SystemWorkbench/plugins/fr.ac6.mcu.externaltools.arm-none.linux64_1.17.0.201812190825/tools/compiler/bin/../lib/gcc/arm-none-eabi/7.3.1/../../../../arm-none-eabi/lib/thumb/v7e-m/fpv4-sp/hard/libc.a(lib_a-memset.o)
 .ARM.attributes
                0x0000000000000185       0x34 /home/erik/Ac6/SystemWorkbench/plugins/fr.ac6.mcu.externaltools.arm-none.linux64_1.17.0.201812190825/tools/compiler/bin/../lib/gcc/arm-none-eabi/7.3.1/../../../../arm-none-eabi/lib/thumb/v7e-m/fpv4-sp/hard/libc.a(lib_a-__call_atexit.o)
 .ARM.attributes
                0x00000000000001b9       0x34 /home/erik/Ac6/SystemWorkbench/plugins/fr.ac6.mcu.externaltools.arm-none.linux64_1.17.0.201812190825/tools/compiler/bin/../lib/gcc/arm-none-eabi/7.3.1/../../../../arm-none-eabi/lib/thumb/v7e-m/fpv4-sp/hard/libc.a(lib_a-atexit.o)
 .ARM.attributes
                0x00000000000001ed       0x34 /home/erik/Ac6/SystemWorkbench/plugins/fr.ac6.mcu.externaltools.arm-none.linux64_1.17.0.201812190825/tools/compiler/bin/../lib/gcc/arm-none-eabi/7.3.1/../../../../arm-none-eabi/lib/thumb/v7e-m/fpv4-sp/hard/libc.a(lib_a-fini.o)
 .ARM.attributes
                0x0000000000000221       0x34 /home/erik/Ac6/SystemWorkbench/plugins/fr.ac6.mcu.externaltools.arm-none.linux64_1.17.0.201812190825/tools/compiler/bin/../lib/gcc/arm-none-eabi/7.3.1/../../../../arm-none-eabi/lib/thumb/v7e-m/fpv4-sp/hard/libc.a(lib_a-lock.o)
 .ARM.attributes
                0x0000000000000255       0x34 /home/erik/Ac6/SystemWorkbench/plugins/fr.ac6.mcu.externaltools.arm-none.linux64_1.17.0.201812190825/tools/compiler/bin/../lib/gcc/arm-none-eabi/7.3.1/../../../../arm-none-eabi/lib/thumb/v7e-m/fpv4-sp/hard/libc.a(lib_a-__atexit.o)
 .ARM.attributes
                0x0000000000000289       0x22 /home/erik/Ac6/SystemWorkbench/plugins/fr.ac6.mcu.externaltools.arm-none.linux64_1.17.0.201812190825/tools/compiler/bin/../lib/gcc/arm-none-eabi/7.3.1/thumb/v7e-m/fpv4-sp/hard/crtn.o
OUTPUT(stm32f4xx_drivers.elf elf32-littlearm)

.debug_info     0x0000000000000000      0x99b
 .debug_info    0x0000000000000000      0x725 drivers/src/stm32f407xx_gpio_driver.o
 .debug_info    0x0000000000000725      0x254 src/005button_interrupt.o
 .debug_info    0x0000000000000979       0x22 startup/startup_stm32.o

.debug_abbrev   0x0000000000000000      0x28a
 .debug_abbrev  0x0000000000000000      0x15b drivers/src/stm32f407xx_gpio_driver.o
 .debug_abbrev  0x000000000000015b      0x11d src/005button_interrupt.o
 .debug_abbrev  0x0000000000000278       0x12 startup/startup_stm32.o

.debug_aranges  0x0000000000000000       0xc8
 .debug_aranges
                0x0000000000000000       0x70 drivers/src/stm32f407xx_gpio_driver.o
 .debug_aranges
                0x0000000000000070       0x30 src/005button_interrupt.o
 .debug_aranges
                0x00000000000000a0       0x28 startup/startup_stm32.o

.debug_ranges   0x0000000000000000       0xa0
 .debug_ranges  0x0000000000000000       0x60 drivers/src/stm32f407xx_gpio_driver.o
 .debug_ranges  0x0000000000000060       0x20 src/005button_interrupt.o
 .debug_ranges  0x0000000000000080       0x20 startup/startup_stm32.o

.debug_macro    0x0000000000000000     0x141f
 .debug_macro   0x0000000000000000       0x86 drivers/src/stm32f407xx_gpio_driver.o
 .debug_macro   0x0000000000000086      0xa66 drivers/src/stm32f407xx_gpio_driver.o
 .debug_macro   0x0000000000000aec       0x22 drivers/src/stm32f407xx_gpio_driver.o
 .debug_macro   0x0000000000000b0e       0x8e drivers/src/stm32f407xx_gpio_driver.o
 .debug_macro   0x0000000000000b9c       0x51 drivers/src/stm32f407xx_gpio_driver.o
 .debug_macro   0x0000000000000bed       0xef drivers/src/stm32f407xx_gpio_driver.o
 .debug_macro   0x0000000000000cdc       0x6a drivers/src/stm32f407xx_gpio_driver.o
 .debug_macro   0x0000000000000d46      0x1df drivers/src/stm32f407xx_gpio_driver.o
 .debug_macro   0x0000000000000f25      0x39e drivers/src/stm32f407xx_gpio_driver.o
 .debug_macro   0x00000000000012c3       0xc4 drivers/src/stm32f407xx_gpio_driver.o
 .debug_macro   0x0000000000001387       0x98 src/005button_interrupt.o

.debug_line     0x0000000000000000      0x9cb
 .debug_line    0x0000000000000000      0x59c drivers/src/stm32f407xx_gpio_driver.o
 .debug_line    0x000000000000059c      0x3b3 src/005button_interrupt.o
 .debug_line    0x000000000000094f       0x7c startup/startup_stm32.o

.debug_str      0x0000000000000000     0x56ec
 .debug_str     0x0000000000000000     0x565c drivers/src/stm32f407xx_gpio_driver.o
                                       0x57e0 (size before relaxing)
 .debug_str     0x000000000000565c       0x67 src/005button_interrupt.o
                                       0x5559 (size before relaxing)
 .debug_str     0x00000000000056c3       0x29 startup/startup_stm32.o
                                         0x5a (size before relaxing)

.comment        0x0000000000000000       0x7f
 .comment       0x0000000000000000       0x7f drivers/src/stm32f407xx_gpio_driver.o
                                         0x80 (size before relaxing)
 .comment       0x000000000000007f       0x80 src/005button_interrupt.o

.debug_frame    0x0000000000000000      0x434
 .debug_frame   0x0000000000000000      0x1c8 drivers/src/stm32f407xx_gpio_driver.o
 .debug_frame   0x00000000000001c8       0x74 src/005button_interrupt.o
 .debug_frame   0x000000000000023c       0x2c /home/erik/Ac6/SystemWorkbench/plugins/fr.ac6.mcu.externaltools.arm-none.linux64_1.17.0.201812190825/tools/compiler/bin/../lib/gcc/arm-none-eabi/7.3.1/../../../../arm-none-eabi/lib/thumb/v7e-m/fpv4-sp/hard/libc.a(lib_a-init.o)
 .debug_frame   0x0000000000000268       0x38 /home/erik/Ac6/SystemWorkbench/plugins/fr.ac6.mcu.externaltools.arm-none.linux64_1.17.0.201812190825/tools/compiler/bin/../lib/gcc/arm-none-eabi/7.3.1/../../../../arm-none-eabi/lib/thumb/v7e-m/fpv4-sp/hard/libc.a(lib_a-memset.o)
 .debug_frame   0x00000000000002a0       0x5c /home/erik/Ac6/SystemWorkbench/plugins/fr.ac6.mcu.externaltools.arm-none.linux64_1.17.0.201812190825/tools/compiler/bin/../lib/gcc/arm-none-eabi/7.3.1/../../../../arm-none-eabi/lib/thumb/v7e-m/fpv4-sp/hard/libc.a(lib_a-__call_atexit.o)
 .debug_frame   0x00000000000002fc       0x20 /home/erik/Ac6/SystemWorkbench/plugins/fr.ac6.mcu.externaltools.arm-none.linux64_1.17.0.201812190825/tools/compiler/bin/../lib/gcc/arm-none-eabi/7.3.1/../../../../arm-none-eabi/lib/thumb/v7e-m/fpv4-sp/hard/libc.a(lib_a-atexit.o)
 .debug_frame   0x000000000000031c       0x34 /home/erik/Ac6/SystemWorkbench/plugins/fr.ac6.mcu.externaltools.arm-none.linux64_1.17.0.201812190825/tools/compiler/bin/../lib/gcc/arm-none-eabi/7.3.1/../../../../arm-none-eabi/lib/thumb/v7e-m/fpv4-sp/hard/libc.a(lib_a-fini.o)
 .debug_frame   0x0000000000000350       0xb0 /home/erik/Ac6/SystemWorkbench/plugins/fr.ac6.mcu.externaltools.arm-none.linux64_1.17.0.201812190825/tools/compiler/bin/../lib/gcc/arm-none-eabi/7.3.1/../../../../arm-none-eabi/lib/thumb/v7e-m/fpv4-sp/hard/libc.a(lib_a-lock.o)
 .debug_frame   0x0000000000000400       0x34 /home/erik/Ac6/SystemWorkbench/plugins/fr.ac6.mcu.externaltools.arm-none.linux64_1.17.0.201812190825/tools/compiler/bin/../lib/gcc/arm-none-eabi/7.3.1/../../../../arm-none-eabi/lib/thumb/v7e-m/fpv4-sp/hard/libc.a(lib_a-__atexit.o)
